/usr/bin/bash: line 1: gradlew.bat: command not found
BUILD_FAILED
