DataImportPipelineComplexTest > initializationError FAILED
Coercion Integration Tests > initializationError FAILED
> Task :rorm-import:test FAILED
BUILD FAILED in 1m 21s
