DbLevelCoercionTest > UseMean for numeric should generate AVG SQL FAILED
DbLevelCoercionTest > UseMean for text should generate MODE SQL FAILED
DbLevelCoercionTest > BackwardFill should generate correct SQL FAILED
DbLevelCoercionTest > UseMedian for numeric should generate PERCENTILE_CONT SQL FAILED
DbLevelCoercionTest > UseMode should generate MODE SQL FAILED
DbLevelCoercionTest > ForwardFill should generate correct SQL FAILED
DataImportPipelineComplexTest > initializationError FAILED
Coercion Integration Tests > Numeric NORMALIZE_PERCENTAGE should clamp to 0-1 range FAILED
Coercion Integration Tests > BackwardFill should propagate next valid value backward FAILED
Coercion Integration Tests > UseMean should fill with average for numeric columns FAILED
Coercion Integration Tests > UseMode should fill with most frequent value FAILED
Coercion Integration Tests > ForwardFill should propagate last valid value forward FAILED
Coercion Integration Tests > UseMedian should fill with median for numeric columns FAILED
> Task :rorm-import:test FAILED
BUILD FAILED in 46s
